[www.numericx.co.uk/index.html]
[backblue.gif]
[fade.gif]
[index.html]
[images.squarespace-cdn.com/content/646e19f8a0d4e05be5c35bac/047bedfa-e1f4-4fa3-8490-2bf1cc44390a/NX+(1)+(1)2acd.png]
[use.typekit.net/ik/duXXvBxCNSSRnMTRrPnj3xQjDv9wGiL-64p5vosfurqfeztgfFHN4UJLFRbh52jhWDjXFc9U5AjtjQgqFe93FA48FAwDFA4yjUGMJ6ol-Ao8S1ZyOAuzZemkdKJPjAszjc9lZhBkjAuzdcblSY4zJygcScmTZhyXOWs8pYblSY4zH6qJlPCbMg6IJMJ7fbKkHU]
[assets.squarespace.com/@sqs/polyfiller/1.6/legacy.js]
[assets.squarespace.com/universal/scripts-compressed/extract-css-runtime-75c75549399ea90c12a0-min.en-US.js]
[assets.squarespace.com/@sqs/polyfiller/1.6/modern.js]
[assets.squarespace.com/universal/scripts-compressed/cldr-resource-pack-1edcdb1d4b6b94ec8c7e-min.en-US.js]
[assets.squarespace.com/universal/scripts-compressed/common-vendors-stable-3598b219a3c023c1915a-min.en-US.js]
[assets.squarespace.com/universal/scripts-compressed/performance-492502057052f8dfae71-min.en-US.js]
[assets.squarespace.com/universal/scripts-compressed/extract-css-moment-js-vendor-6f117db4eb7fd4392375-min.en-US.js]
[static1.squarespace.com/static/versioned-site-css/646e19f8a0d4e05be5c35bac/25/5c5a519771c10ba3470d8101/646e19f8a0d4e05be5c35bb5/1512/site.css]
[assets.squarespace.com/universal/scripts-compressed/common-vendors-98af0e67baae44116c1c-min.en-US.js]
[assets.calendly.com/assets/external/calendly-squarespace.js]
[definitions.sqspcdn.com/website-component-definition/static-assets/website.components.shape/ae5b5ada-f933-45a1-ad10-5671625688cc_31/website.components.shape.visitor.js]
[assets.squarespace.com/universal/scripts-compressed/common-72c79482ea73d57df37b-min.en-US.js]
[definitions.sqspcdn.com/website-component-definition/static-assets/website.components.shape/ae5b5ada-f933-45a1-ad10-5671625688cc_31/website.components.shape.handlers.js]
[static1.squarespace.com/static/vta/5c5a519771c10ba3470d8101/versioned-assets/1711742311246-HJM6J9SNP07FCJU818LL/static.css]
[images.squarespace-cdn.com/content/v1/646e19f8a0d4e05be5c35bac/047bedfa-e1f4-4fa3-8490-2bf1cc44390a/NX+(1)+(1)26f7.png]
[www.numericx.co.uk/meeting.html]
[images.squarespace-cdn.com/content/v1/646e19f8a0d4e05be5c35bac/36485478-d562-4c17-902a-8b12a8dfe053/pexels-miklos-magyar-2561281.jpg]
[www.numericx.co.uk/cart.html]
[images.squarespace-cdn.com/content/v1/646e19f8a0d4e05be5c35bac/34d43c26-5958-4bab-97a3-544c5f5cbfbe/icons8-team-96.png]
[www.numericx.co.uk/get-instant-quote.html]
[images.squarespace-cdn.com/content/v1/646e19f8a0d4e05be5c35bac/09b0269f-4f8f-407e-96a8-fded6dc5927d/icons8-person-96.png]
[images.squarespace-cdn.com/content/v1/646e19f8a0d4e05be5c35bac/4bcb834e-0d1a-49af-a426-81e47de645a9/icons8-crowd-96.png]
[images.squarespace-cdn.com/content/v1/646e19f8a0d4e05be5c35bac/ad25ab1c-b27e-4efa-b4b5-de248ca76524/business-analysis.png]
[images.squarespace-cdn.com/content/v1/646e19f8a0d4e05be5c35bac/1905d26c-aa38-40c8-a9e1-bc4c62d93a5f/card-payment.png]
[images.squarespace-cdn.com/content/v1/646e19f8a0d4e05be5c35bac/037d2d04-17e7-4b5e-ba91-b7441d12f619/software-engineer.png]
[images.squarespace-cdn.com/content/v1/646e19f8a0d4e05be5c35bac/75a447a0-321c-447d-8528-3df33fe02284/tax-percentage.png]
[images.squarespace-cdn.com/content/v1/646e19f8a0d4e05be5c35bac/9459c679-4a72-4451-adff-4b4818dec2d3/business-agreement.png]
[images.squarespace-cdn.com/content/v1/646e19f8a0d4e05be5c35bac/652a7569-8aa0-421e-8f10-fc1716d9e0f1/error-in-calendar.png]
[images.squarespace-cdn.com/content/v1/646e19f8a0d4e05be5c35bac/6dbe9746-8d4d-48ed-8118-a8a13e50796d/avatar.png]
[images.squarespace-cdn.com/content/v1/646e19f8a0d4e05be5c35bac/65f8855b-3783-427f-91c2-632ae52aceca/629652c42be59dc55430cabb.png]
[www.numericx.co.uk/index.html]
[assets.squarespace.com/universal/images-v6/damask/error-dark.png]
[assets.squarespace.com/universal/images-v6/damask/error-dark@2x.png]
[assets.squarespace.com/universal/images-v6/damask/play-button.png]
[assets.squarespace.com/universal/images-v6/damask/play-button@2x.png]
[assets.squarespace.com/universal/images-v6/damask/edit-aviary-light.png]
[assets.squarespace.com/universal/images-v6/damask/edit-aviary-light@2x.png]
[assets.squarespace.com/universal/images-v6/damask/edit-info-light.png]
[assets.squarespace.com/universal/images-v6/damask/edit-info-light@2x.png]
[assets.squarespace.com/universal/images-v6/damask/trash-9-light.png]
[assets.squarespace.com/universal/images-v6/damask/trash-9-light@2x.png]
[static1.squarespace.com/static/vta/5c5a519771c10ba3470d8101/scripts/site-bundle.ae590dcc1b5c07b64253fee4848b19da.js]
[assets.squarespace.com/universal/images-v6/damask/trash-9-red.png]
[assets.squarespace.com/universal/images-v6/damask/trash-9-red@2x.png]
[assets.squarespace.com/universal/images-v6/damask/getty-16-light.png]
[assets.squarespace.com/universal/images-v6/damask/getty-32-light.png]
[assets.squarespace.com/universal/images-v6/damask/shopping-cart-16-light.png]
[assets.squarespace.com/universal/images-v6/damask/shopping-cart-32-light.png]
[assets.squarespace.com/universal/images-v6/icons/block-indicator-dark.png]
[assets.squarespace.com/universal/images-v6/icons/block-indicator-dark@2x.png]
[assets.squarespace.com/universal/images-v6/icons/opentable-icons.png]
[assets.squarespace.com/universal/images-v6/icons/icon-searchqueries-20-dark.png]
[assets.squarespace.com/universal/images-v6/icons/icon-searchqueries-20-light.png]
[assets.squarespace.com/universal/images-v6/icons/icon-video-24-light-solid.png]
[assets.squarespace.com/universal/images-v6/standard/icon_close_7_light.png]
[assets.squarespace.com/universal/images-v6/icons/icon-settings-16-light.png]
[static1.squarespace.com/static/versioned-site-css/646e19f8a0d4e05be5c35bac/25/5c5a519771c10ba3470d8101/646e19f8a0d4e05be5c35bb5/1512/site.css]
[definitions.sqspcdn.com/website-component-definition/static-assets/website.components.shape/ae5b5ada-f933-45a1-ad10-5671625688cc_31/website.components.shape.styles.css]
[static1.squarespace.com/static/vta/5c5a519771c10ba3470d8101/versioned-assets/1711742311246-HJM6J9SNP07FCJU818LL/static.css]
[assets.squarespace.com/universal/scripts-compressed/extract-css-runtime-f90a2002408303961162-min.en-US.js]
[assets.squarespace.com/universal/scripts-compressed/performance-44635b12df0cca538cb6-min.en-US.js]
[assets.squarespace.com/universal/scripts-compressed/common-vendors-stable-3a8c2fd5d54f79d4fbfe-min.en-US.js]
[www.numericx.co.uk/cart.html]
[assets.squarespace.com/universal/scripts-compressed/extract-css-runtime-63cb688f6105b8fe0b0f-min.en-US.js]
[assets.squarespace.com/universal/scripts-compressed/common-vendors-bdf6d443b43d1c78500e-min.en-US.js]
[assets.squarespace.com/universal/scripts-compressed/common-vendors-74d8d182600da63ccb60-min.en-US.js]
[assets.calendly.com/assets/external/widget.js]
[www.numericx.co.uk/meeting.html]
[www.numericx.co.uk/get-instant-quote.html]
[assets.squarespace.com/universal/scripts-compressed/common-aaec5509aed6fde35c83-min.en-US.js]
[assets.squarespace.com/universal/scripts-compressed/common-356e6a25ca5ce6a6fbb9-min.en-US.js]
[assets.squarespace.com/universal/scripts-compressed/commerce-checkout-e1794f5a1b245ca65ce2-min.en-US.js]
